#include "tlang.h"

#if defined(__clang__)
#pragma clang diagnostic ignored "-Wself-assign"
#pragma clang diagnostic ignored "-Wtautological-compare"
#elif defined(__GNUC__)
#pragma GCC diagnostic ignored "-Wtautological-compare"
#endif

int64_t tl_f_id_ts_1pwwb__identity(tlang_fiber* __fib, int64_t l_x);
void tl_f_main_ts_1cmw5wz__main(tlang_fiber* __fib);

int64_t tl_f_id_ts_1pwwb__identity(tlang_fiber* __fib, int64_t l_x) {
    return l_x;
}

void tl_f_main_ts_1cmw5wz__main(tlang_fiber* __fib) {
    int64_t l_x;
    int64_t __t1 = tl_f_id_ts_1pwwb__identity(__fib, 5);
    if (__fib->err) goto __fail;
    l_x = __t1;
    (void)l_x;
    return;
    __fail: ;
    return;
}

static const tlang_program __tl_program = {
    .init_globals = NULL,
    .globals_size = 0,
    .dispatcher   = NULL,
    .main         = tl_f_main_ts_1cmw5wz__main,
    .uses_db      = false,
};
int main(int argc, char** argv) { return tlang_main(argc, argv, &__tl_program); }
