#include "tlang.h"

#if defined(__clang__)
#pragma clang diagnostic ignored "-Wself-assign"
#pragma clang diagnostic ignored "-Wtautological-compare"
#elif defined(__GNUC__)
#pragma GCC diagnostic ignored "-Wtautological-compare"
#endif

typedef struct tl_Item tl_Item;
typedef struct tl_Batch tl_Batch;
TLANG_SLICE_DEFINE(Item, tl_Item*)

struct tl_Item {
    int64_t f_id;
    tlang_string f_name;
};

struct tl_Batch {
    tlang_slice_Item* f_items;
    tlang_slice_i64* f_ids;
};

void tl_f_route_dispatcher(tlang_fiber* __fib, tlang_ctx* l_ctx);
static bool tlj_parse_Item(tlang_fiber* __fib, const char** __p, const char* __end, tl_Item* __out, int __depth);
static void tlj_write_Item(tlang_fiber* __fib, tlang_buf* __b, tl_Item* __v);
static bool tlj_parse_arr_Item(tlang_fiber* __fib, const char** __p, const char* __end, tlang_slice_Item** __out, int __depth);
static void tlj_write_arr_Item(tlang_fiber* __fib, tlang_buf* __b, tlang_slice_Item* __v);
static bool tlj_parse_arr_i64(tlang_fiber* __fib, const char** __p, const char* __end, tlang_slice_i64** __out, int __depth);
static void tlj_write_arr_i64(tlang_fiber* __fib, tlang_buf* __b, tlang_slice_i64* __v);
static bool tlj_parse_Batch(tlang_fiber* __fib, const char** __p, const char* __end, tl_Batch* __out, int __depth);

static const tlang_route_seg __tl_r1_segs[1] = {
    { TLANG_SEG_STATIC, TLANG_STR_INIT("items") }
};
static const tlang_route __tl_r1 = { TLANG_STR_INIT("GET"), __tl_r1_segs, 1, 0 };

static bool tlj_parse_Item(tlang_fiber* __fib, const char** __p, const char* __end, tl_Item* __out, int __depth) {
    const char* __q = *__p;
    uint64_t __seen = 0;
    if (__depth >= json_max_depth()) return false;
    __q = json_skip_ws(__q, __end);
    if (__q >= __end || *__q != '{') return false;
    __q++;
    __q = json_skip_ws(__q, __end);
    if (__q < __end && *__q == '}') { __q++; goto __done; }
    for (;;) {
        tlang_string __key;
        __q = json_skip_ws(__q, __end);
        if (!json_scan_key(&__q, __end, &__key)) return false;
        __q = json_skip_ws(__q, __end);
        if (__q >= __end || *__q != ':') return false;
        __q++;
        __q = json_skip_ws(__q, __end);
        if (__key.len == 2 && memcmp(__key.data, "id", 2) == 0) {
            if (!json_scan_int64(&__q, __end, &__out->f_id)) return false;
            __seen |= UINT64_C(1) << 0;
        } else if (__key.len == 4 && memcmp(__key.data, "name", 4) == 0) {
            if (!json_scan_string(&__q, __end, __fib->arena, &__out->f_name)) return false;
            __seen |= UINT64_C(1) << 1;
        } else {
            if (!json_skip_value(&__q, __end, __depth)) return false;
        }
        __q = json_skip_ws(__q, __end);
        if (__q >= __end) return false;
        if (*__q == ',') { __q++; continue; }
        if (*__q == '}') { __q++; break; }
        return false;
    }
    __done: ;
    *__p = __q;
    return (__seen & UINT64_C(0x3)) == UINT64_C(0x3);
}

static void tlj_write_Item(tlang_fiber* __fib, tlang_buf* __b, tl_Item* __v) {
    TLANG_BUF_PUT_LIT(__b, "{\"id\":");
    json_write_i64(__b, __v->f_id);
    TLANG_BUF_PUT_LIT(__b, ",\"name\":");
    json_write_str(__b, __v->f_name);
    tlang_buf_putc(__b, '}');
}

static bool tlj_parse_arr_Item(tlang_fiber* __fib, const char** __p, const char* __end, tlang_slice_Item** __out, int __depth) {
    const char* __q = *__p;
    if (__depth >= json_max_depth()) return false;
    __q = json_skip_ws(__q, __end);
    if (__q >= __end || *__q != '[') return false;
    __q++;
    tlang_slice_Item* __s = TLANG_SLICE_NEW(__fib, Item);
    __q = json_skip_ws(__q, __end);
    if (__q < __end && *__q == ']') { __q++; goto __done; }
    for (;;) {
        __q = json_skip_ws(__q, __end);
        tl_Item* __e;
        tl_Item* __o = (tl_Item*)tlang_alloc_zeroed(__fib, sizeof(tl_Item));
        if (!tlj_parse_Item(__fib, &__q, __end, __o, __depth + 1)) return false;
        __e = __o;
        TLANG_SLICE_PUSH(__fib, __s, __e);
        __q = json_skip_ws(__q, __end);
        if (__q >= __end) return false;
        if (*__q == ',') { __q++; continue; }
        if (*__q == ']') { __q++; break; }
        return false;
    }
    __done: ;
    *__out = __s;
    *__p = __q;
    return true;
}

static void tlj_write_arr_Item(tlang_fiber* __fib, tlang_buf* __b, tlang_slice_Item* __v) {
    tlang_buf_putc(__b, '[');
    for (int64_t __i = 0; __i < __v->len; __i++) {
        if (__i > 0) tlang_buf_putc(__b, ',');
        tl_Item* __e = __v->items[__i];
        tlj_write_Item(__fib, __b, __e);
    }
    tlang_buf_putc(__b, ']');
}

static bool tlj_parse_arr_i64(tlang_fiber* __fib, const char** __p, const char* __end, tlang_slice_i64** __out, int __depth) {
    const char* __q = *__p;
    if (__depth >= json_max_depth()) return false;
    __q = json_skip_ws(__q, __end);
    if (__q >= __end || *__q != '[') return false;
    __q++;
    tlang_slice_i64* __s = TLANG_SLICE_NEW(__fib, i64);
    __q = json_skip_ws(__q, __end);
    if (__q < __end && *__q == ']') { __q++; goto __done; }
    for (;;) {
        __q = json_skip_ws(__q, __end);
        int64_t __e;
        if (!json_scan_int64(&__q, __end, &__e)) return false;
        TLANG_SLICE_PUSH(__fib, __s, __e);
        __q = json_skip_ws(__q, __end);
        if (__q >= __end) return false;
        if (*__q == ',') { __q++; continue; }
        if (*__q == ']') { __q++; break; }
        return false;
    }
    __done: ;
    *__out = __s;
    *__p = __q;
    return true;
}

static void tlj_write_arr_i64(tlang_fiber* __fib, tlang_buf* __b, tlang_slice_i64* __v) {
    tlang_buf_putc(__b, '[');
    for (int64_t __i = 0; __i < __v->len; __i++) {
        if (__i > 0) tlang_buf_putc(__b, ',');
        int64_t __e = __v->items[__i];
        json_write_i64(__b, __e);
    }
    tlang_buf_putc(__b, ']');
}

static bool tlj_parse_Batch(tlang_fiber* __fib, const char** __p, const char* __end, tl_Batch* __out, int __depth) {
    const char* __q = *__p;
    uint64_t __seen = 0;
    if (__depth >= json_max_depth()) return false;
    __q = json_skip_ws(__q, __end);
    if (__q >= __end || *__q != '{') return false;
    __q++;
    __q = json_skip_ws(__q, __end);
    if (__q < __end && *__q == '}') { __q++; goto __done; }
    for (;;) {
        tlang_string __key;
        __q = json_skip_ws(__q, __end);
        if (!json_scan_key(&__q, __end, &__key)) return false;
        __q = json_skip_ws(__q, __end);
        if (__q >= __end || *__q != ':') return false;
        __q++;
        __q = json_skip_ws(__q, __end);
        if (__key.len == 5 && memcmp(__key.data, "items", 5) == 0) {
            tlang_slice_Item* __a = NULL;
            if (!tlj_parse_arr_Item(__fib, &__q, __end, &__a, __depth + 1)) return false;
            __out->f_items = __a;
            __seen |= UINT64_C(1) << 0;
        } else if (__key.len == 3 && memcmp(__key.data, "ids", 3) == 0) {
            tlang_slice_i64* __a = NULL;
            if (!tlj_parse_arr_i64(__fib, &__q, __end, &__a, __depth + 1)) return false;
            __out->f_ids = __a;
            __seen |= UINT64_C(1) << 1;
        } else {
            if (!json_skip_value(&__q, __end, __depth)) return false;
        }
        __q = json_skip_ws(__q, __end);
        if (__q >= __end) return false;
        if (*__q == ',') { __q++; continue; }
        if (*__q == '}') { __q++; break; }
        return false;
    }
    __done: ;
    *__p = __q;
    return (__seen & UINT64_C(0x3)) == UINT64_C(0x3);
}

void tl_f_route_dispatcher(tlang_fiber* __fib, tlang_ctx* l_ctx) {
    tl_Batch* l_b;
    tlang_slice_i64* l_ids;
    tl_Batch* __t1 = (tl_Batch*)tlang_alloc_zeroed(__fib, sizeof(tl_Batch));
    __t1->f_items = TLANG_SLICE_NEW(__fib, Item);
    __t1->f_ids = TLANG_SLICE_NEW(__fib, i64);
    l_b = __t1;
    const char* __jp2 = l_ctx->body.data;
    const char* __je2 = __jp2 + l_ctx->body.len;
    bool __t3 = tlj_parse_Batch(__fib, &__jp2, __je2, l_b, 0) && json_skip_ws(__jp2, __je2) == __je2;
    if (!__t3) {
        tlang_ctx_text(__fib, l_ctx, 400, TLANG_STR("bad"));
        return;
    }
    if (tlang_ctx_match(l_ctx, &__tl_r1)) {
        {
            tlang_buf __b4;
            tlang_buf_init(__fib, &__b4, 256);
            tlj_write_arr_Item(__fib, &__b4, l_b->f_items);
            tlang_ctx_json(__fib, l_ctx, 200, tlang_buf_string(&__b4));
        }
        return;
    }
    tlang_slice_i64* __t5 = TLANG_SLICE_NEW(__fib, i64);
    TLANG_SLICE_RESERVE(__fib, __t5, 2);
    TLANG_SLICE_PUSH(__fib, __t5, 1);
    TLANG_SLICE_PUSH(__fib, __t5, 2);
    l_ids = __t5;
    {
        tlang_buf __b6;
        tlang_buf_init(__fib, &__b6, 256);
        tlj_write_arr_i64(__fib, &__b6, l_ids);
        tlang_ctx_json(__fib, l_ctx, 200, tlang_buf_string(&__b6));
    }
}

static const tlang_program __tl_program = {
    .init_globals = NULL,
    .globals_size = 0,
    .dispatcher   = tl_f_route_dispatcher,
    .main         = NULL,
    .uses_db      = false,
};
int main(int argc, char** argv) { return tlang_main(argc, argv, &__tl_program); }
