#include "tlang.h"

#if defined(__clang__)
#pragma clang diagnostic ignored "-Wself-assign"
#pragma clang diagnostic ignored "-Wtautological-compare"
#elif defined(__GNUC__)
#pragma GCC diagnostic ignored "-Wtautological-compare"
#endif

void tl_f_route_dispatcher(tlang_fiber* __fib, tlang_ctx* l_c);

void tl_f_route_dispatcher(tlang_fiber* __fib, tlang_ctx* l_c) {
}

static const tlang_program __tl_program = {
    .init_globals = NULL,
    .globals_size = 0,
    .dispatcher   = tl_f_route_dispatcher,
    .main         = NULL,
    .uses_db      = false,
};
int main(int argc, char** argv) { return tlang_main(argc, argv, &__tl_program); }
